   Compiling edgelab-proxy v0.1.0 (/home/ubuntu/edgelab/proxy)
    Finished `release` profile [optimized] target(s) in 3.37s
   Compiling thiserror v2.0.20
   Compiling time-core v0.1.9
   Compiling num-conv v0.2.2
   Compiling powerfmt v0.2.0
   Compiling hickory-proto v0.26.3
   Compiling deranged v0.5.8
   Compiling symlink v0.1.0
   Compiling time v0.3.55
   Compiling hickory-net v0.26.3
   Compiling hickory-resolver v0.26.3
   Compiling tracing-appender v0.2.5
   Compiling edgelab-proxy v0.1.0 (/home/ubuntu/edgelab/proxy)
    Finished `test` profile [unoptimized + debuginfo] target(s) in 3.03s
     Running unittests src/main.rs (target/debug/deps/edgelab_proxy-8e265fba1e387fb0)

running 1 test
test tests::rejects_ambiguous_configuration ... ok

test result: ok. 1 passed; 0 failed; 0 ignored; 0 measured; 0 filtered out; finished in 0.00s

    Checking edgelab-proxy v0.1.0 (/home/ubuntu/edgelab/proxy)
    Finished `dev` profile [unoptimized + debuginfo] target(s) in 0.33s
?   	edgelab/cmd/echo	[no test files]
?   	edgelab/cmd/traffic	[no test files]
